
SYMBOLS BY NAME

      80            CTL_IRQ_STACK_SIZE  
    293e UDATA0     _ARC_bus_helper_task
    2b62 UDATA0     _ARC_bus_task       
   12a72 CODE       _ARC_setup          
    d476 CONST      _ARClib_version     
   1647a CODE       _ARClib_version_Cmd 
   163be CODE       _ARCsearch_Cmd      
   12520 CODE       _BUS_I2C_release    
    295a UDATA0     _BUS_INT_events     
   124be CODE       _BUS_OA_check       
   126c4 CODE       _BUS_SPI_txrx       
   137d0 CODE       _BUS_alarm_ticker_update
   124a4 CODE       _BUS_cmd_init       
   1252a CODE       _BUS_cmd_tx         
   14154 CODE       _BUS_error_str      
   13764 CODE       _BUS_free_alarm     
   13522 CODE       _BUS_free_buffer    
   1352c CODE       _BUS_free_buffer_from_event
   12472 CODE       _BUS_get_OA         
   134fa CODE       _BUS_get_buffer     
   134f4 CODE       _BUS_get_buffer_size
    295c UDATA0     _BUS_helper_events  
   134ea CODE       _BUS_init_buffer    
    2962 UDATA0     _BUS_stack          
   1377c CODE       _BUS_timer_timeout_check
    2c74 UDATA0     _DMA_events         
    c404 ISR        _DMA_int            
   1475e CODE       _ERR_lev_str        
   15f0c CODE       _I2C_addr_lookup    
   15f54 CODE       _I2C_addr_revlookup 
    2bc4 UDATA0     _I2C_rx_buf         
    2bc2 UDATA0     _I2C_rx_in          
    2bc0 UDATA0     _I2C_rx_out         
   13a8c CODE       _PMM_setVCore       
   139d2 CODE       _PMM_setVCoreDown   
   138d8 CODE       _PMM_setVCoreUp     
   176e6 CODE       _SD_DMA_is_enabled  
   176ea CODE       _SD_error_str       
   129aa CODE       _SPI_deactivate     
   16ab4 CODE       _SPI_fast           
   12976 CODE       _SPI_master_setup   
   12990 CODE       _SPI_slave_setup    
   16ac6 CODE       _SPI_slow           
    2b9a UDATA0     _SUB_events         
    f750 CODE       _SUB_parseCmd       
    c484 ISR        _SYS_NMI            
    f554 CONST      ___RAL_ascii_ctype_map
   181c4 CODE       ___RAL_ascii_mbtowc 
   1820a CODE       ___RAL_ascii_wctomb 
    f72e CONST      ___RAL_c_locale     
    f62c CONST      ___RAL_c_locale_abbrev_day_names
    f6a0 CONST      ___RAL_c_locale_abbrev_month_names
    f6d1 CONST      ___RAL_c_locale_am_pm_indicator
    f6fc CONST      ___RAL_c_locale_data
    f6d8 CONST      ___RAL_c_locale_date_format
    f6ea CONST      ___RAL_c_locale_date_time_format
    f5f2 CONST      ___RAL_c_locale_day_names
    f649 CONST      ___RAL_c_locale_month_names
    f6e1 CONST      ___RAL_c_locale_time_format
    f5e2 CONST      ___RAL_codeset_ascii
    f6fb CONST      ___RAL_data_empty_string
    f6f9 CONST      ___RAL_data_utf8_period
    1c28 IDATA0     ___RAL_global_locale
   17e34 CODE       ___RAL_global_locale_category
    f52c CONST      ___RAL_hex_lc       
    f51c CONST      ___RAL_hex_uc       
   181b6 CODE       ___RAL_init_mbstate 
   17d86 CODE       ___RAL_isctype      
   17b20 CODE       ___RAL_pow10        
   17cfc CODE       ___RAL_pre_padding  
   17cde CODE       ___RAL_print_padding
   123c4 CODE       ___RAL_read_tp      
    1c00            ___RAM_Address      
    8000            ___RAM_Size         
    1c00            ___begin_IDATA0     
    3774            ___begin_THREAD     
    1c32            ___begin_UDATA0     
     4da            ___crt_mac32h       
     4d8            ___crt_mac32l       
     4c0            ___crt_mpy          
     4d2            ___crt_mpy32h       
     4d0            ___crt_mpy32l       
     4c8            ___crt_op2          
     4e2            ___crt_op2h         
     4e0            ___crt_op2l         
     4e4            ___crt_res0         
     4e6            ___crt_res1         
     4e8            ___crt_res2         
     4ea            ___crt_res3         
     4ca            ___crt_reslo        
   17aac CODE       ___digit            
    1c32            ___end_IDATA0       
    3776            ___end_THREAD       
    3774            ___end_UDATA0       
   17e0c CODE       ___errno            
   1847a CODE       ___float32_add      
   18650 CODE       ___float32_div      
   1872a CODE       ___float32_eq       
   18262 CODE       ___float32_isinf    
   1827c CODE       ___float32_isnan    
   1870e CODE       ___float32_lt       
   18578 CODE       ___float32_mul      
    f736 CONST      ___float32_nan      
   18294 CODE       ___float32_signbit  
   1856c CODE       ___float32_sub      
   183c8 CODE       ___float32_to_int64 
   17af2 CODE       ___getc             
    f74a CODE       ___getchar          
   17886 CODE       ___int16_div        
   178ac CODE       ___int16_mod        
   178d2 CODE       ___int16_mul        
   1873a CODE       ___int16_to_float32 
   17864 CODE       ___int32_mul        
   17956 CODE       ___int64_lsl        
   17968 CODE       ___int64_lsr        
   178e8 CODE       ___int64_mul        
   11b72 CODE       ___printf_lock      
   11b8e CODE       ___printf_unlock    
   17c94 CODE       ___putc             
    f73a CODE       ___putchar          
   17b76 CODE       ___strtoul          
    c5e2 ISR        ___thunk_ARClib_version_Cmd
    c5de ISR        ___thunk_ARCsearch_Cmd
    c62a ISR        ___thunk___RAL_ascii_mbtowc
    c62e ISR        ___thunk___RAL_ascii_wctomb
    c000 ISR        ___thunk___putchar  
    c00c ISR        ___thunk_addrCmd    
    c018 ISR        ___thunk_asyncCmd   
    c5fe ISR        ___thunk_clearErrCmd
    c004 ISR        ___thunk_cmd_parse  
    c5e6 ISR        ___thunk_errReq_Cmd 
    c024 ISR        ___thunk_err_decode 
    c58e ISR        ___thunk_err_decode_arcbus
    c592 ISR        ___thunk_helpCmd    
    c020 ISR        ___thunk_incCmd     
    c602 ISR        ___thunk_logCmd     
    c5c6 ISR        ___thunk_mmcDMA_Cmd 
    c59a ISR        ___thunk_mmcInitChkCmd
    c5b6 ISR        ___thunk_mmc_TstCmd 
    c5ae ISR        ___thunk_mmc_cardSize
    c5a6 ISR        ___thunk_mmc_dump   
    c5b2 ISR        ___thunk_mmc_eraseCmd
    c5be ISR        ___thunk_mmc_multiRTstCmd
    c5ba ISR        ___thunk_mmc_multiWTstCmd
    c5a2 ISR        ___thunk_mmc_read   
    c5c2 ISR        ___thunk_mmc_reinit 
    c59e ISR        ___thunk_mmc_write  
    c5aa ISR        ___thunk_mmcdat_Cmd 
    c5ca ISR        ___thunk_mmcreg_Cmd 
    c010 ISR        ___thunk_printCmd   
    c5ea ISR        ___thunk_priorityCmd
    c5fa ISR        ___thunk_replayCmd  
    c5ce ISR        ___thunk_restCmd    
    c01c ISR        ___thunk_spamCmd    
    c5da ISR        ___thunk_spiCmd     
    c5f6 ISR        ___thunk_stackCmd   
    c5f2 ISR        ___thunk_statsCmd   
    c008 ISR        ___thunk_sub_events 
    c596 ISR        ___thunk_terminal   
    c5d2 ISR        ___thunk_timeCmd    
    c5ee ISR        ___thunk_timesliceCmd
    c014 ISR        ___thunk_tstCmd     
    c5d6 ISR        ___thunk_txCmd      
   179e8 CODE       ___uint16_div       
   17a00 CODE       ___uint16_mod       
   18746 CODE       ___uint16_to_float32
   18750 CODE       ___uint16_to_float32_aux
   17a08 CODE       ___uint32_div       
   17a12 CODE       ___uint32_divmod    
   17a3a CODE       ___uint32_mod       
   17a48 CODE       ___uint64_div       
   17a70 CODE       ___uint64_divmod    
   179c8 CODE       ___uint64_mod       
   182a4 CODE       ___uint64_to_float32
    1c26 IDATA0     ___ungot            
    3772 UDATA0     ___user_format_extender
    fd24 CODE       ___vfprintf         
    fd24 CODE       ___vfprintf_float_long
   11394 CODE       ___vfscanf          
   11394 CODE       ___vfscanf_float_long_long_cc
   1461c CODE       __record_error      
   17d26 CODE       _abs                
    f99a CODE       _addrCmd            
   124f4 CODE       _addr_chk           
    32c8 UDATA0     _alarms             
    2b9c UDATA0     _arcBus_stat        
    fbd0 CODE       _asyncCmd           
   13732 CODE       _async_Getc         
   136ee CODE       _async_TxChar       
    1c14 IDATA0     _async_addr         
   135d2 CODE       _async_close        
   13654 CODE       _async_close_remote 
   1353a CODE       _async_isOpen       
   13540 CODE       _async_open_remote  
    32ac UDATA0     _async_rxQ          
   13682 CODE       _async_send_data    
   1375a CODE       _async_setup_close_event
    1c16 IDATA0     _async_timer        
    32ba UDATA0     _async_txQ          
   17d36 CODE       _atoi               
   17d5c CODE       _atol               
    1c32 UDATA0     _buffer             
    307a UDATA0     _buffer_mutex       
    e91e CONST      _busAddrSym         
    c030 ISR        _bus_I2C_isr        
    c342 ISR        _bus_SPI_isr        
    c34e ISR        _bus_int            
   169a6 CODE       _clearErrCmd        
   14820 CODE       _clear_saved_errors 
    1c18 IDATA0     _closed_event       
    1c1a IDATA0     _closed_flag        
    f796 CODE       _cmd_parse          
    1c82 UDATA0     _cmd_parse_evt      
   13c72 CODE       _cmd_resptostr      
    c6ec CONST      _cmd_tbl            
   13ade CODE       _cmdtostr           
   12902 CODE       _crc16              
   128d0 CODE       _crc7               
   11f78 CODE       _ctl_byte_queue_init
   11fa2 CODE       _ctl_byte_queue_num_used
   122ec CODE       _ctl_byte_queue_post
   120d6 CODE       _ctl_byte_queue_post_multi
   1227c CODE       _ctl_byte_queue_post_multi_nb
   1231a CODE       _ctl_byte_queue_receive
   121ae CODE       _ctl_byte_queue_receive_multi
    26ae UDATA0     _ctl_current_time   
   123ee CODE       _ctl_enter_isr      
   11ba2 CODE       _ctl_events_init    
   11d36 CODE       _ctl_events_set_clear
   11bb6 CODE       _ctl_events_wait    
   12422 CODE       _ctl_exit_isr       
   11b5a CODE       _ctl_get_current_time
   1245a CODE       _ctl_global_interrupts_set
   13acc CODE       _ctl_handle_error   
   11ae0 CODE       _ctl_increment_tick_from_isr
    26b3 UDATA0     _ctl_interrupt_count
    26aa UDATA0     _ctl_last_schedule_time
    1c06 IDATA0     _ctl_libc_mutex     
   11d96 CODE       _ctl_mutex_init     
   11dae CODE       _ctl_mutex_lock     
   11eb2 CODE       _ctl_mutex_unlock   
   117d8 CODE       _ctl_private_add_to_task_list
   11cb2 CODE       _ctl_private_events_schedule
   12340 CODE       _ctl_private_get_stack_start
   12346 CODE       _ctl_private_get_thread_local_storage
   1234c CODE       _ctl_private_init_registers
   123ae CODE       _ctl_private_init_thread_local_storage
   11826 CODE       _ctl_private_remove_from_task_list
   11860 CODE       _ctl_private_reschedule
   123d2 CODE       _ctl_private_reschedule_from_api_call
    26b2 UDATA0     _ctl_reschedule_on_last_isr_exit
   11a00 CODE       _ctl_task_die       
    26b4 UDATA0     _ctl_task_executing 
   11938 CODE       _ctl_task_init      
    26b6 UDATA0     _ctl_task_list      
   11a28 CODE       _ctl_task_remove    
   11974 CODE       _ctl_task_run       
   11a60 CODE       _ctl_task_set_priority
    26a8 UDATA0     _ctl_task_switch_callout
    1c04 IDATA0     _ctl_time_increment 
   11a9e CODE       _ctl_timeout_wait   
    1c00 IDATA0     _ctl_timeslice_period
   15734 CODE       _dat_next           
   14e80 CODE       _doCmd              
   1648c CODE       _errReq_Cmd         
    fcd6 CODE       _err_decode         
   13cf8 CODE       _err_decode_arcbus  
   144ac CODE       _error_init         
   14878 CODE       _error_log_mem_replay
   14a74 CODE       _error_log_replay   
   1450c CODE       _error_recording_start
   18a48 CODE       _fabsf              
   18806 CODE       _floor              
   18806 CODE       _floorf             
   188d6 CODE       _fmod               
   188d6 CODE       _fmodf              
   18a8a CODE       _frexp              
   15f8c CODE       _getI2C_addr        
   14616 CODE       _get_error_level    
   12936 CODE       _get_ticker_time    
   17e16 CODE       _getchar            
   14dce CODE       _helpCmd            
    274a UDATA0     _helper_stack       
   14f10 CODE       _hist_decr          
   14f04 CODE       _hist_incr          
    2b7e UDATA0     _idle_task          
    fc74 CODE       _incCmd             
   12ad4 CODE       _initARCbus         
   129ba CODE       _initCLK            
   12a28 CODE       _initSVS            
   12a0c CODE       _init_timerA        
   17dfa CODE       _iscntrl            
   17dc8 CODE       _isdigit            
   17db6 CODE       _islower            
   17de8 CODE       _isprint            
   17dd8 CODE       _isspace            
   17da4 CODE       _isupper            
    295e UDATA0     _last_time_update   
   18a4e CODE       _ldexp              
   169ca CODE       _logCmd             
    f8c6 CODE       _main               
   134a0 CODE       _mainLoop           
   1424c CODE       _main_return        
   14d64 CODE       _make_args          
   18232 CODE       _memcpy             
   18242 CODE       _memset             
   15e3a CODE       _mmcDMA_Cmd         
   17482 CODE       _mmcErase           
   175b0 CODE       _mmcGetCardSize     
   16cfa CODE       _mmcGoIdle          
   151d4 CODE       _mmcInitChkCmd      
   16ce6 CODE       _mmcInit_card       
   16c46 CODE       _mmcLock            
   16c7e CODE       _mmcReInit_card     
   170ac CODE       _mmcReadBlock       
   17150 CODE       _mmcReadBlocks      
   1753c CODE       _mmcReadReg         
   173d8 CODE       _mmcSendCmd         
   17436 CODE       _mmcSetBlockLength  
    1c1e IDATA0     _mmcStat            
   16c0a CODE       _mmcUnlock          
   17234 CODE       _mmcWriteBlock      
   172ea CODE       _mmcWriteMultiBlock 
    c606 ISR        _mmc_ISR            
   16f26 CODE       _mmc_R1             
   16f98 CODE       _mmc_R1b            
   1576e CODE       _mmc_TstCmd         
   16f60 CODE       _mmc_busy           
   15658 CODE       _mmc_cardSize       
   16fd8 CODE       _mmc_dat_resp       
   1533a CODE       _mmc_dump           
   156a4 CODE       _mmc_eraseCmd       
   16bee CODE       _mmc_is_init        
   15b3e CODE       _mmc_multiRTstCmd   
   159e6 CODE       _mmc_multiWTstCmd   
   152a2 CODE       _mmc_read           
   15e1a CODE       _mmc_reinit         
   1706a CODE       _mmc_token          
   15202 CODE       _mmc_write          
   15496 CODE       _mmcdat_Cmd         
   15e58 CODE       _mmcreg_Cmd         
   18770 CODE       _modff              
    32e8 UDATA0     _next_idx           
    1c10 IDATA0     _powerState         
    faac CODE       _printCmd           
   1479c CODE       _print_error        
   17f04 CODE       _printf             
   16652 CODE       _priorityCmd        
   17f40 CODE       _puts               
   146c6 CODE       _record_error       
   1689c CODE       _replayCmd          
   147f2 CODE       _report_error       
   1421a CODE       _reset_bor          
   16056 CODE       _restCmd            
    3080 UDATA0     _rxbuf              
    32d8 UDATA0     _saved_error        
   1460a CODE       _set_error_level    
   1294e CODE       _setget_ticker_time 
    fc0c CODE       _spamCmd            
    c6d6 CONST      _spamdat            
   162ac CODE       _spiCmd             
   16af0 CODE       _spiDummyClk        
   16b08 CODE       _spiReadFrame       
   16ad6 CODE       _spiSendByte        
   16b82 CODE       _spiSendFrame       
   17f7a CODE       _sprintf            
   17faa CODE       _sscanf             
    23f8 UDATA0     _stack1             
    1f44 UDATA0     _stack2             
    1c84 UDATA0     _stack3             
   16852 CODE       _stackCmd           
   12a20 CODE       _start_timerA       
   14260 CODE       _startup_error_check
   1676e CODE       _stateName          
   167f0 CODE       _statsCmd           
   17fd8 CODE       _strcmp             
   17ff8 CODE       _strcpy             
   18252 CODE       _strlen             
   1800e CODE       _strncmp            
   1803c CODE       _strnlen            
   18056 CODE       _strtol             
   18102 CODE       _strtoul            
    f7cc CODE       _sub_events         
    c44a ISR        _task_tick          
    2654 UDATA0     _tasks              
   14f1c CODE       _terminal           
    273a UDATA0     _ticker_time        
   16112 CODE       _timeCmd            
   16706 CODE       _timesliceCmd       
    1c0c IDATA0     _timesync           
    fb50 CODE       _tstCmd             
   16128 CODE       _txCmd              
    31ac UDATA0     _txbuf              
    d4ba CONST      thread_init_begin   
    d4bc CONST      thread_init_end     


SYMBOLS BY VALUE

      80            CTL_IRQ_STACK_SIZE  
     4c0            ___crt_mpy          
     4c8            ___crt_op2          
     4ca            ___crt_reslo        
     4d0            ___crt_mpy32l       
     4d2            ___crt_mpy32h       
     4d8            ___crt_mac32l       
     4da            ___crt_mac32h       
     4e0            ___crt_op2l         
     4e2            ___crt_op2h         
     4e4            ___crt_res0         
     4e6            ___crt_res1         
     4e8            ___crt_res2         
     4ea            ___crt_res3         
    1c00            ___begin_IDATA0     
    1c00            ___RAM_Address      
    1c00 IDATA0     _ctl_timeslice_period
    1c04 IDATA0     _ctl_time_increment 
    1c06 IDATA0     _ctl_libc_mutex     
    1c0c IDATA0     _timesync           
    1c10 IDATA0     _powerState         
    1c14 IDATA0     _async_addr         
    1c16 IDATA0     _async_timer        
    1c18 IDATA0     _closed_event       
    1c1a IDATA0     _closed_flag        
    1c1e IDATA0     _mmcStat            
    1c26 IDATA0     ___ungot            
    1c28 IDATA0     ___RAL_global_locale
    1c32            ___end_IDATA0       
    1c32            ___begin_UDATA0     
    1c32 UDATA0     _buffer             
    1c82 UDATA0     _cmd_parse_evt      
    1c84 UDATA0     _stack3             
    1f44 UDATA0     _stack2             
    23f8 UDATA0     _stack1             
    2654 UDATA0     _tasks              
    26a8 UDATA0     _ctl_task_switch_callout
    26aa UDATA0     _ctl_last_schedule_time
    26ae UDATA0     _ctl_current_time   
    26b2 UDATA0     _ctl_reschedule_on_last_isr_exit
    26b3 UDATA0     _ctl_interrupt_count
    26b4 UDATA0     _ctl_task_executing 
    26b6 UDATA0     _ctl_task_list      
    273a UDATA0     _ticker_time        
    274a UDATA0     _helper_stack       
    293e UDATA0     _ARC_bus_helper_task
    295a UDATA0     _BUS_INT_events     
    295c UDATA0     _BUS_helper_events  
    295e UDATA0     _last_time_update   
    2962 UDATA0     _BUS_stack          
    2b62 UDATA0     _ARC_bus_task       
    2b7e UDATA0     _idle_task          
    2b9a UDATA0     _SUB_events         
    2b9c UDATA0     _arcBus_stat        
    2bc0 UDATA0     _I2C_rx_out         
    2bc2 UDATA0     _I2C_rx_in          
    2bc4 UDATA0     _I2C_rx_buf         
    2c74 UDATA0     _DMA_events         
    307a UDATA0     _buffer_mutex       
    3080 UDATA0     _rxbuf              
    31ac UDATA0     _txbuf              
    32ac UDATA0     _async_rxQ          
    32ba UDATA0     _async_txQ          
    32c8 UDATA0     _alarms             
    32d8 UDATA0     _saved_error        
    32e8 UDATA0     _next_idx           
    3772 UDATA0     ___user_format_extender
    3774            ___end_UDATA0       
    3774            ___begin_THREAD     
    3776            ___end_THREAD       
    8000            ___RAM_Size         
    c000 ISR        ___thunk___putchar  
    c004 ISR        ___thunk_cmd_parse  
    c008 ISR        ___thunk_sub_events 
    c00c ISR        ___thunk_addrCmd    
    c010 ISR        ___thunk_printCmd   
    c014 ISR        ___thunk_tstCmd     
    c018 ISR        ___thunk_asyncCmd   
    c01c ISR        ___thunk_spamCmd    
    c020 ISR        ___thunk_incCmd     
    c024 ISR        ___thunk_err_decode 
    c030 ISR        _bus_I2C_isr        
    c342 ISR        _bus_SPI_isr        
    c34e ISR        _bus_int            
    c404 ISR        _DMA_int            
    c44a ISR        _task_tick          
    c484 ISR        _SYS_NMI            
    c58e ISR        ___thunk_err_decode_arcbus
    c592 ISR        ___thunk_helpCmd    
    c596 ISR        ___thunk_terminal   
    c59a ISR        ___thunk_mmcInitChkCmd
    c59e ISR        ___thunk_mmc_write  
    c5a2 ISR        ___thunk_mmc_read   
    c5a6 ISR        ___thunk_mmc_dump   
    c5aa ISR        ___thunk_mmcdat_Cmd 
    c5ae ISR        ___thunk_mmc_cardSize
    c5b2 ISR        ___thunk_mmc_eraseCmd
    c5b6 ISR        ___thunk_mmc_TstCmd 
    c5ba ISR        ___thunk_mmc_multiWTstCmd
    c5be ISR        ___thunk_mmc_multiRTstCmd
    c5c2 ISR        ___thunk_mmc_reinit 
    c5c6 ISR        ___thunk_mmcDMA_Cmd 
    c5ca ISR        ___thunk_mmcreg_Cmd 
    c5ce ISR        ___thunk_restCmd    
    c5d2 ISR        ___thunk_timeCmd    
    c5d6 ISR        ___thunk_txCmd      
    c5da ISR        ___thunk_spiCmd     
    c5de ISR        ___thunk_ARCsearch_Cmd
    c5e2 ISR        ___thunk_ARClib_version_Cmd
    c5e6 ISR        ___thunk_errReq_Cmd 
    c5ea ISR        ___thunk_priorityCmd
    c5ee ISR        ___thunk_timesliceCmd
    c5f2 ISR        ___thunk_statsCmd   
    c5f6 ISR        ___thunk_stackCmd   
    c5fa ISR        ___thunk_replayCmd  
    c5fe ISR        ___thunk_clearErrCmd
    c602 ISR        ___thunk_logCmd     
    c606 ISR        _mmc_ISR            
    c62a ISR        ___thunk___RAL_ascii_mbtowc
    c62e ISR        ___thunk___RAL_ascii_wctomb
    c6d6 CONST      _spamdat            
    c6ec CONST      _cmd_tbl            
    d476 CONST      _ARClib_version     
    d4ba CONST      thread_init_begin   
    d4bc CONST      thread_init_end     
    e91e CONST      _busAddrSym         
    f51c CONST      ___RAL_hex_uc       
    f52c CONST      ___RAL_hex_lc       
    f554 CONST      ___RAL_ascii_ctype_map
    f5e2 CONST      ___RAL_codeset_ascii
    f5f2 CONST      ___RAL_c_locale_day_names
    f62c CONST      ___RAL_c_locale_abbrev_day_names
    f649 CONST      ___RAL_c_locale_month_names
    f6a0 CONST      ___RAL_c_locale_abbrev_month_names
    f6d1 CONST      ___RAL_c_locale_am_pm_indicator
    f6d8 CONST      ___RAL_c_locale_date_format
    f6e1 CONST      ___RAL_c_locale_time_format
    f6ea CONST      ___RAL_c_locale_date_time_format
    f6f9 CONST      ___RAL_data_utf8_period
    f6fb CONST      ___RAL_data_empty_string
    f6fc CONST      ___RAL_c_locale_data
    f72e CONST      ___RAL_c_locale     
    f736 CONST      ___float32_nan      
    f73a CODE       ___putchar          
    f74a CODE       ___getchar          
    f750 CODE       _SUB_parseCmd       
    f796 CODE       _cmd_parse          
    f7cc CODE       _sub_events         
    f8c6 CODE       _main               
    f99a CODE       _addrCmd            
    faac CODE       _printCmd           
    fb50 CODE       _tstCmd             
    fbd0 CODE       _asyncCmd           
    fc0c CODE       _spamCmd            
    fc74 CODE       _incCmd             
    fcd6 CODE       _err_decode         
    fd24 CODE       ___vfprintf         
    fd24 CODE       ___vfprintf_float_long
   11394 CODE       ___vfscanf_float_long_long_cc
   11394 CODE       ___vfscanf          
   117d8 CODE       _ctl_private_add_to_task_list
   11826 CODE       _ctl_private_remove_from_task_list
   11860 CODE       _ctl_private_reschedule
   11938 CODE       _ctl_task_init      
   11974 CODE       _ctl_task_run       
   11a00 CODE       _ctl_task_die       
   11a28 CODE       _ctl_task_remove    
   11a60 CODE       _ctl_task_set_priority
   11a9e CODE       _ctl_timeout_wait   
   11ae0 CODE       _ctl_increment_tick_from_isr
   11b5a CODE       _ctl_get_current_time
   11b72 CODE       ___printf_lock      
   11b8e CODE       ___printf_unlock    
   11ba2 CODE       _ctl_events_init    
   11bb6 CODE       _ctl_events_wait    
   11cb2 CODE       _ctl_private_events_schedule
   11d36 CODE       _ctl_events_set_clear
   11d96 CODE       _ctl_mutex_init     
   11dae CODE       _ctl_mutex_lock     
   11eb2 CODE       _ctl_mutex_unlock   
   11f78 CODE       _ctl_byte_queue_init
   11fa2 CODE       _ctl_byte_queue_num_used
   120d6 CODE       _ctl_byte_queue_post_multi
   121ae CODE       _ctl_byte_queue_receive_multi
   1227c CODE       _ctl_byte_queue_post_multi_nb
   122ec CODE       _ctl_byte_queue_post
   1231a CODE       _ctl_byte_queue_receive
   12340 CODE       _ctl_private_get_stack_start
   12346 CODE       _ctl_private_get_thread_local_storage
   1234c CODE       _ctl_private_init_registers
   123ae CODE       _ctl_private_init_thread_local_storage
   123c4 CODE       ___RAL_read_tp      
   123d2 CODE       _ctl_private_reschedule_from_api_call
   123ee CODE       _ctl_enter_isr      
   12422 CODE       _ctl_exit_isr       
   1245a CODE       _ctl_global_interrupts_set
   12472 CODE       _BUS_get_OA         
   124a4 CODE       _BUS_cmd_init       
   124be CODE       _BUS_OA_check       
   124f4 CODE       _addr_chk           
   12520 CODE       _BUS_I2C_release    
   1252a CODE       _BUS_cmd_tx         
   126c4 CODE       _BUS_SPI_txrx       
   128d0 CODE       _crc7               
   12902 CODE       _crc16              
   12936 CODE       _get_ticker_time    
   1294e CODE       _setget_ticker_time 
   12976 CODE       _SPI_master_setup   
   12990 CODE       _SPI_slave_setup    
   129aa CODE       _SPI_deactivate     
   129ba CODE       _initCLK            
   12a0c CODE       _init_timerA        
   12a20 CODE       _start_timerA       
   12a28 CODE       _initSVS            
   12a72 CODE       _ARC_setup          
   12ad4 CODE       _initARCbus         
   134a0 CODE       _mainLoop           
   134ea CODE       _BUS_init_buffer    
   134f4 CODE       _BUS_get_buffer_size
   134fa CODE       _BUS_get_buffer     
   13522 CODE       _BUS_free_buffer    
   1352c CODE       _BUS_free_buffer_from_event
   1353a CODE       _async_isOpen       
   13540 CODE       _async_open_remote  
   135d2 CODE       _async_close        
   13654 CODE       _async_close_remote 
   13682 CODE       _async_send_data    
   136ee CODE       _async_TxChar       
   13732 CODE       _async_Getc         
   1375a CODE       _async_setup_close_event
   13764 CODE       _BUS_free_alarm     
   1377c CODE       _BUS_timer_timeout_check
   137d0 CODE       _BUS_alarm_ticker_update
   138d8 CODE       _PMM_setVCoreUp     
   139d2 CODE       _PMM_setVCoreDown   
   13a8c CODE       _PMM_setVCore       
   13acc CODE       _ctl_handle_error   
   13ade CODE       _cmdtostr           
   13c72 CODE       _cmd_resptostr      
   13cf8 CODE       _err_decode_arcbus  
   14154 CODE       _BUS_error_str      
   1421a CODE       _reset_bor          
   1424c CODE       _main_return        
   14260 CODE       _startup_error_check
   144ac CODE       _error_init         
   1450c CODE       _error_recording_start
   1460a CODE       _set_error_level    
   14616 CODE       _get_error_level    
   1461c CODE       __record_error      
   146c6 CODE       _record_error       
   1475e CODE       _ERR_lev_str        
   1479c CODE       _print_error        
   147f2 CODE       _report_error       
   14820 CODE       _clear_saved_errors 
   14878 CODE       _error_log_mem_replay
   14a74 CODE       _error_log_replay   
   14d64 CODE       _make_args          
   14dce CODE       _helpCmd            
   14e80 CODE       _doCmd              
   14f04 CODE       _hist_incr          
   14f10 CODE       _hist_decr          
   14f1c CODE       _terminal           
   151d4 CODE       _mmcInitChkCmd      
   15202 CODE       _mmc_write          
   152a2 CODE       _mmc_read           
   1533a CODE       _mmc_dump           
   15496 CODE       _mmcdat_Cmd         
   15658 CODE       _mmc_cardSize       
   156a4 CODE       _mmc_eraseCmd       
   15734 CODE       _dat_next           
   1576e CODE       _mmc_TstCmd         
   159e6 CODE       _mmc_multiWTstCmd   
   15b3e CODE       _mmc_multiRTstCmd   
   15e1a CODE       _mmc_reinit         
   15e3a CODE       _mmcDMA_Cmd         
   15e58 CODE       _mmcreg_Cmd         
   15f0c CODE       _I2C_addr_lookup    
   15f54 CODE       _I2C_addr_revlookup 
   15f8c CODE       _getI2C_addr        
   16056 CODE       _restCmd            
   16112 CODE       _timeCmd            
   16128 CODE       _txCmd              
   162ac CODE       _spiCmd             
   163be CODE       _ARCsearch_Cmd      
   1647a CODE       _ARClib_version_Cmd 
   1648c CODE       _errReq_Cmd         
   16652 CODE       _priorityCmd        
   16706 CODE       _timesliceCmd       
   1676e CODE       _stateName          
   167f0 CODE       _statsCmd           
   16852 CODE       _stackCmd           
   1689c CODE       _replayCmd          
   169a6 CODE       _clearErrCmd        
   169ca CODE       _logCmd             
   16ab4 CODE       _SPI_fast           
   16ac6 CODE       _SPI_slow           
   16ad6 CODE       _spiSendByte        
   16af0 CODE       _spiDummyClk        
   16b08 CODE       _spiReadFrame       
   16b82 CODE       _spiSendFrame       
   16bee CODE       _mmc_is_init        
   16c0a CODE       _mmcUnlock          
   16c46 CODE       _mmcLock            
   16c7e CODE       _mmcReInit_card     
   16ce6 CODE       _mmcInit_card       
   16cfa CODE       _mmcGoIdle          
   16f26 CODE       _mmc_R1             
   16f60 CODE       _mmc_busy           
   16f98 CODE       _mmc_R1b            
   16fd8 CODE       _mmc_dat_resp       
   1706a CODE       _mmc_token          
   170ac CODE       _mmcReadBlock       
   17150 CODE       _mmcReadBlocks      
   17234 CODE       _mmcWriteBlock      
   172ea CODE       _mmcWriteMultiBlock 
   173d8 CODE       _mmcSendCmd         
   17436 CODE       _mmcSetBlockLength  
   17482 CODE       _mmcErase           
   1753c CODE       _mmcReadReg         
   175b0 CODE       _mmcGetCardSize     
   176e6 CODE       _SD_DMA_is_enabled  
   176ea CODE       _SD_error_str       
   17864 CODE       ___int32_mul        
   17886 CODE       ___int16_div        
   178ac CODE       ___int16_mod        
   178d2 CODE       ___int16_mul        
   178e8 CODE       ___int64_mul        
   17956 CODE       ___int64_lsl        
   17968 CODE       ___int64_lsr        
   179c8 CODE       ___uint64_mod       
   179e8 CODE       ___uint16_div       
   17a00 CODE       ___uint16_mod       
   17a08 CODE       ___uint32_div       
   17a12 CODE       ___uint32_divmod    
   17a3a CODE       ___uint32_mod       
   17a48 CODE       ___uint64_div       
   17a70 CODE       ___uint64_divmod    
   17aac CODE       ___digit            
   17af2 CODE       ___getc             
   17b20 CODE       ___RAL_pow10        
   17b76 CODE       ___strtoul          
   17c94 CODE       ___putc             
   17cde CODE       ___RAL_print_padding
   17cfc CODE       ___RAL_pre_padding  
   17d26 CODE       _abs                
   17d36 CODE       _atoi               
   17d5c CODE       _atol               
   17d86 CODE       ___RAL_isctype      
   17da4 CODE       _isupper            
   17db6 CODE       _islower            
   17dc8 CODE       _isdigit            
   17dd8 CODE       _isspace            
   17de8 CODE       _isprint            
   17dfa CODE       _iscntrl            
   17e0c CODE       ___errno            
   17e16 CODE       _getchar            
   17e34 CODE       ___RAL_global_locale_category
   17f04 CODE       _printf             
   17f40 CODE       _puts               
   17f7a CODE       _sprintf            
   17faa CODE       _sscanf             
   17fd8 CODE       _strcmp             
   17ff8 CODE       _strcpy             
   1800e CODE       _strncmp            
   1803c CODE       _strnlen            
   18056 CODE       _strtol             
   18102 CODE       _strtoul            
   181b6 CODE       ___RAL_init_mbstate 
   181c4 CODE       ___RAL_ascii_mbtowc 
   1820a CODE       ___RAL_ascii_wctomb 
   18232 CODE       _memcpy             
   18242 CODE       _memset             
   18252 CODE       _strlen             
   18262 CODE       ___float32_isinf    
   1827c CODE       ___float32_isnan    
   18294 CODE       ___float32_signbit  
   182a4 CODE       ___uint64_to_float32
   183c8 CODE       ___float32_to_int64 
   1847a CODE       ___float32_add      
   1856c CODE       ___float32_sub      
   18578 CODE       ___float32_mul      
   18650 CODE       ___float32_div      
   1870e CODE       ___float32_lt       
   1872a CODE       ___float32_eq       
   1873a CODE       ___int16_to_float32 
   18746 CODE       ___uint16_to_float32
   18750 CODE       ___uint16_to_float32_aux
   18770 CODE       _modff              
   18806 CODE       _floorf             
   18806 CODE       _floor              
   188d6 CODE       _fmod               
   188d6 CODE       _fmodf              
   18a48 CODE       _fabsf              
   18a4e CODE       _ldexp              
   18a8a CODE       _frexp              
