
SYMBOLS BY NAME

      80            CTL_IRQ_STACK_SIZE  
    1f6c UDATA0     _ARC_bus_helper_task
    218c UDATA0     _ARC_bus_task       
    7402 CODE       _ARC_setup          
    42d0 CONST      _ARClib_version     
    a252 CODE       _ARClib_version_Cmd 
    a19e CODE       _ARCsearch_Cmd      
    6f9e CODE       _BUS_I2C_release    
    1f88 UDATA0     _BUS_INT_events     
    70dc CODE       _BUS_SPI_txrx       
    6f20 CODE       _BUS_cmd_init       
    6fa8 CODE       _BUS_cmd_tx         
    82b6 CODE       _BUS_error_str      
    7c66 CODE       _BUS_free_buffer    
    7c70 CODE       _BUS_free_buffer_from_event
    7c3e CODE       _BUS_get_buffer     
    7c38 CODE       _BUS_get_buffer_size
    1f8a UDATA0     _BUS_helper_events  
    7c2e CODE       _BUS_init_buffer    
    1f8c UDATA0     _BUS_stack          
    229a UDATA0     _DMA_events         
    341c ISR        _DMA_int            
    9cba CODE       _I2C_addr_lookup    
    9d0a CODE       _I2C_addr_revlookup 
    21ea UDATA0     _I2C_rx_buf         
    21e8 UDATA0     _I2C_rx_in          
    21e6 UDATA0     _I2C_rx_out         
    b33a CODE       _SD_DMA_is_enabled  
    b33e CODE       _SD_error_str       
    a6c6 CODE       _SPISetup           
    734c CODE       _SPI_deactivate     
    a6e6 CODE       _SPI_fast           
    7324 CODE       _SPI_master_setup   
    7338 CODE       _SPI_slave_setup    
    a6fa CODE       _SPI_slow           
    21c4 UDATA0     _SUB_events         
    5c46 CODE       _SUB_parseCmd       
    318a ISR        _UC0_TX             
    3224 ISR        _UC0_rx             
    3124 ISR        _UC1_TX             
    315a ISR        _UC1_rx             
    1b96 UDATA0     _UCA1_RxBuf         
    1c3a UDATA0     _UCA1_TxBuf         
    1100            ___RAM_Address      
    2000            ___RAM_Size         
    1100            ___begin_IDATA0     
    1120            ___begin_UDATA0     
     134            ___crt_mac          
     130            ___crt_mpy          
     138            ___crt_op2          
     13c            ___crt_reshi        
     13a            ___crt_reslo        
    b584 CODE       ___digit            
    1120            ___end_IDATA0       
    2d88            ___end_UDATA0       
    659a CODE       ___errno            
    2d86 UDATA0     ___format_extender  
    b5ca CODE       ___getc             
    5c40 CODE       ___getchar          
    5c18 CONST      ___hex_lc           
    5c08 CONST      ___hex_uc           
    b4e8 CODE       ___int16_div        
    b50e CODE       ___int16_mul        
    b4b8 CODE       ___int32_mul        
    b77e CODE       ___pre_padding      
    b760 CODE       ___print_padding    
    65b0 CODE       ___printf_lock      
    65cc CODE       ___printf_unlock    
    b716 CODE       ___putc             
    5c30 CODE       ___putchar          
    b5f8 CODE       ___strtoul          
    3572 ISR        ___thunk_ARClib_version_Cmd
    356e ISR        ___thunk_ARCsearch_Cmd
    3100 ISR        ___thunk___putchar  
    310c ISR        ___thunk_addrCmd    
    3118 ISR        ___thunk_asyncCmd   
    358a ISR        ___thunk_clearErrCmd
    3104 ISR        ___thunk_cmd_parse  
    317e ISR        ___thunk_err_decode 
    351e ISR        ___thunk_err_decode_arcbus
    3522 ISR        ___thunk_helpCmd    
    3120 ISR        ___thunk_incCmd     
    358e ISR        ___thunk_logCmd     
    3556 ISR        ___thunk_mmcDMA_Cmd 
    352a ISR        ___thunk_mmcInitChkCmd
    3546 ISR        ___thunk_mmc_TstCmd 
    353e ISR        ___thunk_mmc_cardSize
    3536 ISR        ___thunk_mmc_dump   
    3542 ISR        ___thunk_mmc_eraseCmd
    354e ISR        ___thunk_mmc_multiRTstCmd
    354a ISR        ___thunk_mmc_multiWTstCmd
    3532 ISR        ___thunk_mmc_read   
    3552 ISR        ___thunk_mmc_reinit 
    352e ISR        ___thunk_mmc_write  
    353a ISR        ___thunk_mmcdat_Cmd 
    355a ISR        ___thunk_mmcreg_Cmd 
    3110 ISR        ___thunk_printCmd   
    3576 ISR        ___thunk_priorityCmd
    3586 ISR        ___thunk_replayCmd  
    355e ISR        ___thunk_restCmd    
    311c ISR        ___thunk_spamCmd    
    356a ISR        ___thunk_spiCmd     
    3582 ISR        ___thunk_stackCmd   
    357e ISR        ___thunk_statsCmd   
    3108 ISR        ___thunk_sub_events 
    3526 ISR        ___thunk_terminal   
    3562 ISR        ___thunk_timeCmd    
    357a ISR        ___thunk_timesliceCmd
    3114 ISR        ___thunk_tstCmd     
    3566 ISR        ___thunk_txCmd      
    b524 CODE       ___uint16_div       
    b53c CODE       ___uint16_mod       
    b544 CODE       ___uint32_div       
    b54e CODE       ___uint32_divmod    
    b576 CODE       ___uint32_mod       
    111e IDATA0     ___ungot            
    bac8 CODE       ___vfprintf         
    bac8 CODE       ___vfprintf_long    
    c294 CODE       ___vfscanf          
    c294 CODE       ___vfscanf_int      
    8592 CODE       __record_error      
    5e8c CODE       _addrCmd            
    6f32 CODE       _addr_chk           
    21c6 UDATA0     _arcBus_stat        
    60d8 CODE       _asyncCmd           
    7e70 CODE       _async_Getc         
    7e2c CODE       _async_TxChar       
    110c IDATA0     _async_addr         
    7d14 CODE       _async_close        
    7d92 CODE       _async_close_remote 
    7c7e CODE       _async_isOpen       
    7c84 CODE       _async_open_remote  
    28d0 UDATA0     _async_rxQ          
    7dc0 CODE       _async_send_data    
    7e98 CODE       _async_setup_close_event
    110e IDATA0     _async_timer        
    28de UDATA0     _async_txQ          
    b7a8 CODE       _atoi               
    b7ce CODE       _atol               
    1120 UDATA0     _buffer             
    269e UDATA0     _buffer_mutex       
    5150 CONST      _busAddrSym         
    33f4 ISR        _bus_int            
    735c CODE       _checkSegA_cal_data 
    a5b8 CODE       _clearErrCmd        
    8784 CODE       _clear_saved_errors 
    1110 IDATA0     _closed_event       
    1112 IDATA0     _closed_flag        
    5c8c CODE       _cmd_parse          
    1170 UDATA0     _cmd_parse_evt      
    7f7a CODE       _cmd_resptostr      
    364c CONST      _cmd_tbl            
    7eb4 CODE       _cmdtostr           
    72c0 CODE       _crc16              
    7284 CODE       _crc7               
    69b6 CODE       _ctl_byte_queue_init
    69e0 CODE       _ctl_byte_queue_num_used
    6d9a CODE       _ctl_byte_queue_post
    6b14 CODE       _ctl_byte_queue_post_multi
    6cba CODE       _ctl_byte_queue_post_multi_nb
    6dee CODE       _ctl_byte_queue_post_nb
    6dc8 CODE       _ctl_byte_queue_receive
    6bec CODE       _ctl_byte_queue_receive_multi
    6d2a CODE       _ctl_byte_queue_receive_multi_nb
    6e08 CODE       _ctl_byte_queue_receive_nb
    1ce8 UDATA0     _ctl_current_time   
    6e98 CODE       _ctl_enter_isr      
    65e0 CODE       _ctl_events_init    
    6774 CODE       _ctl_events_set_clear
    65f4 CODE       _ctl_events_wait    
    6ecc CODE       _ctl_exit_isr       
    6582 CODE       _ctl_get_current_time
    6f08 CODE       _ctl_global_interrupts_set
    7ea2 CODE       _ctl_handle_error   
    650c CODE       _ctl_increment_tick_from_isr
    1ced UDATA0     _ctl_interrupt_count
    1ce4 UDATA0     _ctl_last_schedule_time
    1106 IDATA0     _ctl_libc_mutex     
    67d4 CODE       _ctl_mutex_init     
    67ec CODE       _ctl_mutex_lock     
    68f0 CODE       _ctl_mutex_unlock   
    622c CODE       _ctl_private_add_to_task_list
    66f0 CODE       _ctl_private_events_schedule
    6e1c CODE       _ctl_private_get_stack_start
    6e1e CODE       _ctl_private_init_registers
    627a CODE       _ctl_private_remove_from_task_list
    62b4 CODE       _ctl_private_reschedule
    6e80 CODE       _ctl_private_reschedule_from_api_call
    1cec UDATA0     _ctl_reschedule_on_last_isr_exit
    642c CODE       _ctl_task_die       
    1cee UDATA0     _ctl_task_executing 
    638a CODE       _ctl_task_init      
    1cf0 UDATA0     _ctl_task_list      
    6454 CODE       _ctl_task_remove    
    63be CODE       _ctl_task_run       
    648c CODE       _ctl_task_set_priority
    1ce2 UDATA0     _ctl_task_switch_callout
    1104 IDATA0     _ctl_time_increment 
    64ca CODE       _ctl_timeout_wait   
    1100 IDATA0     _ctl_timeslice_period
    9482 CODE       _dat_next           
    8b3e CODE       _doCmd              
    61de CODE       _err_decode         
    7fd8 CODE       _err_decode_arcbus  
    8422 CODE       _error_init         
    87e0 CODE       _error_log_replay   
    8482 CODE       _error_recording_start
    9d4a CODE       _getI2C_addr        
    858c CODE       _get_error_level    
    72f4 CODE       _get_ticker_time    
    c57e CODE       _getchar            
    8a8c CODE       _helpCmd            
    1d78 UDATA0     _helper_stack       
    8bce CODE       _hist_decr          
    8bc2 CODE       _hist_incr          
    21a8 UDATA0     _idle_task          
    617c CODE       _incCmd             
    7448 CODE       _initARCbus         
    7370 CODE       _initCLK            
    73f0 CODE       _initSVS            
    73d4 CODE       _init_timerA        
    b862 CODE       _iscntrl            
    b820 CODE       _isdigit            
    b80c CODE       _islower            
    b84e CODE       _isprint            
    b834 CODE       _isspace            
    b7f8 CODE       _isupper            
    a5dc CODE       _logCmd             
    5dbc CODE       _main               
    7be4 CODE       _mainLoop           
    8368 CODE       _main_return        
    8a22 CODE       _make_args          
    ba98 CODE       _memcpy             
    baa8 CODE       _memset             
    9be8 CODE       _mmcDMA_Cmd         
    b0d2 CODE       _mmcErase           
    b200 CODE       _mmcGetCardSize     
    a94e CODE       _mmcGoIdle          
    8ec2 CODE       _mmcInitChkCmd      
    a93a CODE       _mmcInit_card       
    a89c CODE       _mmcInit_msp        
    a864 CODE       _mmcLock            
    a8d2 CODE       _mmcReInit_card     
    ad00 CODE       _mmcReadBlock       
    ada4 CODE       _mmcReadBlocks      
    b18c CODE       _mmcReadReg         
    b028 CODE       _mmcSendCmd         
    b086 CODE       _mmcSetBlockLength  
    1116 IDATA0     _mmcStat            
    a828 CODE       _mmcUnlock          
    ae86 CODE       _mmcWriteBlock      
    af3c CODE       _mmcWriteMultiBlock 
    ab7a CODE       _mmc_R1             
    abec CODE       _mmc_R1b            
    94bc CODE       _mmc_TstCmd         
    abb4 CODE       _mmc_busy           
    93a6 CODE       _mmc_cardSize       
    ac2c CODE       _mmc_dat_resp       
    9028 CODE       _mmc_dump           
    93f2 CODE       _mmc_eraseCmd       
    a80c CODE       _mmc_is_init        
    988c CODE       _mmc_multiRTstCmd   
    9734 CODE       _mmc_multiWTstCmd   
    8f90 CODE       _mmc_read           
    9bc8 CODE       _mmc_reinit         
    acbe CODE       _mmc_token          
    8ef0 CODE       _mmc_write          
    91e4 CODE       _mmcdat_Cmd         
    9c06 CODE       _mmcreg_Cmd         
    28fc UDATA0     _next_idx           
    110a IDATA0     _powerState         
    5f9c CODE       _printCmd           
    86d4 CODE       _print_error        
    c59c CODE       _printf             
    a264 CODE       _priorityCmd        
    c5d8 CODE       _puts               
    863c CODE       _record_error       
    a4ae CODE       _replayCmd          
    8756 CODE       _report_error       
    834a CODE       _reset              
    9e14 CODE       _restCmd            
    26a4 UDATA0     _rxbuf              
    28ec UDATA0     _saved_error        
    8580 CODE       _set_error_level    
    730c CODE       _set_ticker_time    
    6114 CODE       _spamCmd            
    3636 CONST      _spamdat            
    a064 CODE       _spiCmd             
    a726 CODE       _spiDummyClk        
    a73c CODE       _spiReadFrame       
    a710 CODE       _spiSendByte        
    a7a8 CODE       _spiSendFrame       
    b876 CODE       _sprintf            
    b8a6 CODE       _sscanf             
    18e6 UDATA0     _stack1             
    1432 UDATA0     _stack2             
    1172 UDATA0     _stack3             
    a464 CODE       _stackCmd           
    73e8 CODE       _start_timerA       
    837c CODE       _startup_error_check
    a380 CODE       _stateName          
    a402 CODE       _statsCmd           
    b8d4 CODE       _strcmp             
    b8f4 CODE       _strcpy             
    bab8 CODE       _strlen             
    b90a CODE       _strncmp            
    b938 CODE       _strtol             
    b9e4 CODE       _strtoul            
    5cc2 CODE       _sub_events         
    3462 ISR        _task_tick          
    1b42 UDATA0     _tasks              
    8bda CODE       _terminal           
    1d74 UDATA0     _ticker_time        
    9ed0 CODE       _timeCmd            
    a318 CODE       _timesliceCmd       
    6048 CODE       _tstCmd             
    9ee6 CODE       _txCmd              
    27d0 UDATA0     _txbuf              


SYMBOLS BY VALUE

      80            CTL_IRQ_STACK_SIZE  
     130            ___crt_mpy          
     134            ___crt_mac          
     138            ___crt_op2          
     13a            ___crt_reslo        
     13c            ___crt_reshi        
    1100            ___begin_IDATA0     
    1100            ___RAM_Address      
    1100 IDATA0     _ctl_timeslice_period
    1104 IDATA0     _ctl_time_increment 
    1106 IDATA0     _ctl_libc_mutex     
    110a IDATA0     _powerState         
    110c IDATA0     _async_addr         
    110e IDATA0     _async_timer        
    1110 IDATA0     _closed_event       
    1112 IDATA0     _closed_flag        
    1116 IDATA0     _mmcStat            
    111e IDATA0     ___ungot            
    1120            ___begin_UDATA0     
    1120            ___end_IDATA0       
    1120 UDATA0     _buffer             
    1170 UDATA0     _cmd_parse_evt      
    1172 UDATA0     _stack3             
    1432 UDATA0     _stack2             
    18e6 UDATA0     _stack1             
    1b42 UDATA0     _tasks              
    1b96 UDATA0     _UCA1_RxBuf         
    1c3a UDATA0     _UCA1_TxBuf         
    1ce2 UDATA0     _ctl_task_switch_callout
    1ce4 UDATA0     _ctl_last_schedule_time
    1ce8 UDATA0     _ctl_current_time   
    1cec UDATA0     _ctl_reschedule_on_last_isr_exit
    1ced UDATA0     _ctl_interrupt_count
    1cee UDATA0     _ctl_task_executing 
    1cf0 UDATA0     _ctl_task_list      
    1d74 UDATA0     _ticker_time        
    1d78 UDATA0     _helper_stack       
    1f6c UDATA0     _ARC_bus_helper_task
    1f88 UDATA0     _BUS_INT_events     
    1f8a UDATA0     _BUS_helper_events  
    1f8c UDATA0     _BUS_stack          
    2000            ___RAM_Size         
    218c UDATA0     _ARC_bus_task       
    21a8 UDATA0     _idle_task          
    21c4 UDATA0     _SUB_events         
    21c6 UDATA0     _arcBus_stat        
    21e6 UDATA0     _I2C_rx_out         
    21e8 UDATA0     _I2C_rx_in          
    21ea UDATA0     _I2C_rx_buf         
    229a UDATA0     _DMA_events         
    269e UDATA0     _buffer_mutex       
    26a4 UDATA0     _rxbuf              
    27d0 UDATA0     _txbuf              
    28d0 UDATA0     _async_rxQ          
    28de UDATA0     _async_txQ          
    28ec UDATA0     _saved_error        
    28fc UDATA0     _next_idx           
    2d86 UDATA0     ___format_extender  
    2d88            ___end_UDATA0       
    3100 ISR        ___thunk___putchar  
    3104 ISR        ___thunk_cmd_parse  
    3108 ISR        ___thunk_sub_events 
    310c ISR        ___thunk_addrCmd    
    3110 ISR        ___thunk_printCmd   
    3114 ISR        ___thunk_tstCmd     
    3118 ISR        ___thunk_asyncCmd   
    311c ISR        ___thunk_spamCmd    
    3120 ISR        ___thunk_incCmd     
    3124 ISR        _UC1_TX             
    315a ISR        _UC1_rx             
    317e ISR        ___thunk_err_decode 
    318a ISR        _UC0_TX             
    3224 ISR        _UC0_rx             
    33f4 ISR        _bus_int            
    341c ISR        _DMA_int            
    3462 ISR        _task_tick          
    351e ISR        ___thunk_err_decode_arcbus
    3522 ISR        ___thunk_helpCmd    
    3526 ISR        ___thunk_terminal   
    352a ISR        ___thunk_mmcInitChkCmd
    352e ISR        ___thunk_mmc_write  
    3532 ISR        ___thunk_mmc_read   
    3536 ISR        ___thunk_mmc_dump   
    353a ISR        ___thunk_mmcdat_Cmd 
    353e ISR        ___thunk_mmc_cardSize
    3542 ISR        ___thunk_mmc_eraseCmd
    3546 ISR        ___thunk_mmc_TstCmd 
    354a ISR        ___thunk_mmc_multiWTstCmd
    354e ISR        ___thunk_mmc_multiRTstCmd
    3552 ISR        ___thunk_mmc_reinit 
    3556 ISR        ___thunk_mmcDMA_Cmd 
    355a ISR        ___thunk_mmcreg_Cmd 
    355e ISR        ___thunk_restCmd    
    3562 ISR        ___thunk_timeCmd    
    3566 ISR        ___thunk_txCmd      
    356a ISR        ___thunk_spiCmd     
    356e ISR        ___thunk_ARCsearch_Cmd
    3572 ISR        ___thunk_ARClib_version_Cmd
    3576 ISR        ___thunk_priorityCmd
    357a ISR        ___thunk_timesliceCmd
    357e ISR        ___thunk_statsCmd   
    3582 ISR        ___thunk_stackCmd   
    3586 ISR        ___thunk_replayCmd  
    358a ISR        ___thunk_clearErrCmd
    358e ISR        ___thunk_logCmd     
    3636 CONST      _spamdat            
    364c CONST      _cmd_tbl            
    42d0 CONST      _ARClib_version     
    5150 CONST      _busAddrSym         
    5c08 CONST      ___hex_uc           
    5c18 CONST      ___hex_lc           
    5c30 CODE       ___putchar          
    5c40 CODE       ___getchar          
    5c46 CODE       _SUB_parseCmd       
    5c8c CODE       _cmd_parse          
    5cc2 CODE       _sub_events         
    5dbc CODE       _main               
    5e8c CODE       _addrCmd            
    5f9c CODE       _printCmd           
    6048 CODE       _tstCmd             
    60d8 CODE       _asyncCmd           
    6114 CODE       _spamCmd            
    617c CODE       _incCmd             
    61de CODE       _err_decode         
    622c CODE       _ctl_private_add_to_task_list
    627a CODE       _ctl_private_remove_from_task_list
    62b4 CODE       _ctl_private_reschedule
    638a CODE       _ctl_task_init      
    63be CODE       _ctl_task_run       
    642c CODE       _ctl_task_die       
    6454 CODE       _ctl_task_remove    
    648c CODE       _ctl_task_set_priority
    64ca CODE       _ctl_timeout_wait   
    650c CODE       _ctl_increment_tick_from_isr
    6582 CODE       _ctl_get_current_time
    659a CODE       ___errno            
    65b0 CODE       ___printf_lock      
    65cc CODE       ___printf_unlock    
    65e0 CODE       _ctl_events_init    
    65f4 CODE       _ctl_events_wait    
    66f0 CODE       _ctl_private_events_schedule
    6774 CODE       _ctl_events_set_clear
    67d4 CODE       _ctl_mutex_init     
    67ec CODE       _ctl_mutex_lock     
    68f0 CODE       _ctl_mutex_unlock   
    69b6 CODE       _ctl_byte_queue_init
    69e0 CODE       _ctl_byte_queue_num_used
    6b14 CODE       _ctl_byte_queue_post_multi
    6bec CODE       _ctl_byte_queue_receive_multi
    6cba CODE       _ctl_byte_queue_post_multi_nb
    6d2a CODE       _ctl_byte_queue_receive_multi_nb
    6d9a CODE       _ctl_byte_queue_post
    6dc8 CODE       _ctl_byte_queue_receive
    6dee CODE       _ctl_byte_queue_post_nb
    6e08 CODE       _ctl_byte_queue_receive_nb
    6e1c CODE       _ctl_private_get_stack_start
    6e1e CODE       _ctl_private_init_registers
    6e80 CODE       _ctl_private_reschedule_from_api_call
    6e98 CODE       _ctl_enter_isr      
    6ecc CODE       _ctl_exit_isr       
    6f08 CODE       _ctl_global_interrupts_set
    6f20 CODE       _BUS_cmd_init       
    6f32 CODE       _addr_chk           
    6f9e CODE       _BUS_I2C_release    
    6fa8 CODE       _BUS_cmd_tx         
    70dc CODE       _BUS_SPI_txrx       
    7284 CODE       _crc7               
    72c0 CODE       _crc16              
    72f4 CODE       _get_ticker_time    
    730c CODE       _set_ticker_time    
    7324 CODE       _SPI_master_setup   
    7338 CODE       _SPI_slave_setup    
    734c CODE       _SPI_deactivate     
    735c CODE       _checkSegA_cal_data 
    7370 CODE       _initCLK            
    73d4 CODE       _init_timerA        
    73e8 CODE       _start_timerA       
    73f0 CODE       _initSVS            
    7402 CODE       _ARC_setup          
    7448 CODE       _initARCbus         
    7be4 CODE       _mainLoop           
    7c2e CODE       _BUS_init_buffer    
    7c38 CODE       _BUS_get_buffer_size
    7c3e CODE       _BUS_get_buffer     
    7c66 CODE       _BUS_free_buffer    
    7c70 CODE       _BUS_free_buffer_from_event
    7c7e CODE       _async_isOpen       
    7c84 CODE       _async_open_remote  
    7d14 CODE       _async_close        
    7d92 CODE       _async_close_remote 
    7dc0 CODE       _async_send_data    
    7e2c CODE       _async_TxChar       
    7e70 CODE       _async_Getc         
    7e98 CODE       _async_setup_close_event
    7ea2 CODE       _ctl_handle_error   
    7eb4 CODE       _cmdtostr           
    7f7a CODE       _cmd_resptostr      
    7fd8 CODE       _err_decode_arcbus  
    82b6 CODE       _BUS_error_str      
    834a CODE       _reset              
    8368 CODE       _main_return        
    837c CODE       _startup_error_check
    8422 CODE       _error_init         
    8482 CODE       _error_recording_start
    8580 CODE       _set_error_level    
    858c CODE       _get_error_level    
    8592 CODE       __record_error      
    863c CODE       _record_error       
    86d4 CODE       _print_error        
    8756 CODE       _report_error       
    8784 CODE       _clear_saved_errors 
    87e0 CODE       _error_log_replay   
    8a22 CODE       _make_args          
    8a8c CODE       _helpCmd            
    8b3e CODE       _doCmd              
    8bc2 CODE       _hist_incr          
    8bce CODE       _hist_decr          
    8bda CODE       _terminal           
    8ec2 CODE       _mmcInitChkCmd      
    8ef0 CODE       _mmc_write          
    8f90 CODE       _mmc_read           
    9028 CODE       _mmc_dump           
    91e4 CODE       _mmcdat_Cmd         
    93a6 CODE       _mmc_cardSize       
    93f2 CODE       _mmc_eraseCmd       
    9482 CODE       _dat_next           
    94bc CODE       _mmc_TstCmd         
    9734 CODE       _mmc_multiWTstCmd   
    988c CODE       _mmc_multiRTstCmd   
    9bc8 CODE       _mmc_reinit         
    9be8 CODE       _mmcDMA_Cmd         
    9c06 CODE       _mmcreg_Cmd         
    9cba CODE       _I2C_addr_lookup    
    9d0a CODE       _I2C_addr_revlookup 
    9d4a CODE       _getI2C_addr        
    9e14 CODE       _restCmd            
    9ed0 CODE       _timeCmd            
    9ee6 CODE       _txCmd              
    a064 CODE       _spiCmd             
    a19e CODE       _ARCsearch_Cmd      
    a252 CODE       _ARClib_version_Cmd 
    a264 CODE       _priorityCmd        
    a318 CODE       _timesliceCmd       
    a380 CODE       _stateName          
    a402 CODE       _statsCmd           
    a464 CODE       _stackCmd           
    a4ae CODE       _replayCmd          
    a5b8 CODE       _clearErrCmd        
    a5dc CODE       _logCmd             
    a6c6 CODE       _SPISetup           
    a6e6 CODE       _SPI_fast           
    a6fa CODE       _SPI_slow           
    a710 CODE       _spiSendByte        
    a726 CODE       _spiDummyClk        
    a73c CODE       _spiReadFrame       
    a7a8 CODE       _spiSendFrame       
    a80c CODE       _mmc_is_init        
    a828 CODE       _mmcUnlock          
    a864 CODE       _mmcLock            
    a89c CODE       _mmcInit_msp        
    a8d2 CODE       _mmcReInit_card     
    a93a CODE       _mmcInit_card       
    a94e CODE       _mmcGoIdle          
    ab7a CODE       _mmc_R1             
    abb4 CODE       _mmc_busy           
    abec CODE       _mmc_R1b            
    ac2c CODE       _mmc_dat_resp       
    acbe CODE       _mmc_token          
    ad00 CODE       _mmcReadBlock       
    ada4 CODE       _mmcReadBlocks      
    ae86 CODE       _mmcWriteBlock      
    af3c CODE       _mmcWriteMultiBlock 
    b028 CODE       _mmcSendCmd         
    b086 CODE       _mmcSetBlockLength  
    b0d2 CODE       _mmcErase           
    b18c CODE       _mmcReadReg         
    b200 CODE       _mmcGetCardSize     
    b33a CODE       _SD_DMA_is_enabled  
    b33e CODE       _SD_error_str       
    b4b8 CODE       ___int32_mul        
    b4e8 CODE       ___int16_div        
    b50e CODE       ___int16_mul        
    b524 CODE       ___uint16_div       
    b53c CODE       ___uint16_mod       
    b544 CODE       ___uint32_div       
    b54e CODE       ___uint32_divmod    
    b576 CODE       ___uint32_mod       
    b584 CODE       ___digit            
    b5ca CODE       ___getc             
    b5f8 CODE       ___strtoul          
    b716 CODE       ___putc             
    b760 CODE       ___print_padding    
    b77e CODE       ___pre_padding      
    b7a8 CODE       _atoi               
    b7ce CODE       _atol               
    b7f8 CODE       _isupper            
    b80c CODE       _islower            
    b820 CODE       _isdigit            
    b834 CODE       _isspace            
    b84e CODE       _isprint            
    b862 CODE       _iscntrl            
    b876 CODE       _sprintf            
    b8a6 CODE       _sscanf             
    b8d4 CODE       _strcmp             
    b8f4 CODE       _strcpy             
    b90a CODE       _strncmp            
    b938 CODE       _strtol             
    b9e4 CODE       _strtoul            
    ba98 CODE       _memcpy             
    baa8 CODE       _memset             
    bab8 CODE       _strlen             
    bac8 CODE       ___vfprintf         
    bac8 CODE       ___vfprintf_long    
    c294 CODE       ___vfscanf          
    c294 CODE       ___vfscanf_int      
    c57e CODE       _getchar            
    c59c CODE       _printf             
    c5d8 CODE       _puts               
